// Jest Snapshot v1, https://goo.gl/fbAQLP

exports[`<ProductCard/> should be product card should have the same ui structure with one product 1`] = `
<div
  className="ard mb-4 shadow-sm walmark-product-card"
>
  <div
    className="card-header"
  >
    <h4
      className="my-0 font-weight-normal"
    >
      bebida
    </h4>
  </div>
  <div
    className="card-body"
  >
    <h3
      className="card-title pricing-card-title"
    >
      $
      10
    </h3>
    <img
      alt="imagen del producto bebida"
      src="http://uriimage"
    />
    <h6>
      coca cola
    </h6>
  </div>
</div>
`;
