// Jest Snapshot v1, https://goo.gl/fbAQLP

exports[`<SearchProduct/> With search product by id should have the same ui structure 1`] = `
<div
  className="container"
>
  <div
    className="row col-sm-12 col-md-5 "
  >
    <p>
      Ingresar busqueda de Productos
    </p>
  </div>
  <div
    className="row col-sm-12 col-md-5"
  >
    <input
      className="form-control"
      id="inputSearchById"
      style={
        Object {
          "width": "100%",
        }
      }
    />
  </div>
  <div
    className="container"
    style={
      Object {
        "marginTop": "20px",
      }
    }
  />
</div>
`;
