// Jest Snapshot v1, https://goo.gl/fbAQLP

exports[`<SearchProduct/> With search product by id should have the same ui structure 1`] = `
<div
  className="container"
>
  <Loading
    loading={false}
  />
  <div
    className="row col-sm-12 col-md-5 "
  >
    <p>
      Ingresar busqueda de Productos
    </p>
  </div>
  <div
    className="row col-sm-12 col-md-5"
  >
    <input
      className="form-control walmark-input-search"
      id="inputSearchId"
      onChange={[Function]}
    />
  </div>
  <div
    className="container walmark-container-productList"
  >
    <ProductList
      products={Array []}
    />
  </div>
</div>
`;
